// Jest Snapshot v1, https://goo.gl/fbAQLP

exports[`logging in without username or password should fail should fail without password 1`] = `
<div
  role="alert"
  style="color: red;"
>
  password is required
</div>
`;
